// Jest Snapshot v1, https://goo.gl/fbAQLP

exports[`ProductTitle Should show the component successfully with the custom title 1`] = `
<span
  className="productDescription custom-class"
>
  Custom product
</span>
`;

exports[`ProductTitle Should show the component with the product name 1`] = `
<div
  className="productCard undefined"
>
  <span
    className="productDescription undefined"
  >
    Coffee Mug - Without Image
  </span>
</div>
`;
